// Vitest Snapshot v1, https://vitest.dev/guide/snapshot.html

exports[`<UserError /> > should match snapshot 1`] = `
<section
  class="flex flex-col items-center justify-center flex-1 gap-3 max-w-[400px] h-[60%] bg-white rounded-lg font-mono px-1"
>
  <h2
    class="text-3xl font-bold text-red-600 mb-4"
  >
    User Not Found 
  </h2>
  <p
    class="text-gray-800 font-semibold text-center"
  >
    Sorry, we couldn't find the user you were looking for.
  </p>
</section>
`;
